 
 -------------- chaos8103@Anthony_Ahn v5.6.3 (recovery)
--- ***** ----- 
-- ******* ---- Windows-11-10.0.26200-SP0 2026-08-07 12:06:35
- *** --- * --- 
- ** ---------- [config]
- ** ---------- .> app:         ledgerproof:0x1ebf822e480
- ** ---------- .> transport:   redis://localhost:6379/1
- ** ---------- .> results:     disabled://
- *** --- * --- .> concurrency: 20 (solo)
-- ******* ---- .> task events: OFF (enable -E to monitor tasks in this worker)
--- ***** ----- 
 -------------- [queues]
                .> celery           exchange=celery(direct) key=celery
                

[tasks]
  . ledgerproof.process_event

[2026-08-07 12:06:35,320: INFO/MainProcess] Connected to redis://localhost:6379/1
[2026-08-07 12:06:35,331: INFO/MainProcess] mingle: searching for neighbors
[2026-08-07 12:06:36,379: INFO/MainProcess] mingle: all alone
[2026-08-07 12:06:36,461: INFO/MainProcess] chaos8103@Anthony_Ahn ready.
[2026-08-07 12:06:37,088: INFO/MainProcess] Task ledgerproof.process_event[5c609de6-2956-4090-bb6e-135115f5d228] received
[2026-08-07 12:06:37,190: INFO/MainProcess] Task ledgerproof.process_event[5c609de6-2956-4090-bb6e-135115f5d228] succeeded in 0.09399999998277053s: 'posted'
[2026-08-07 12:06:37,724: INFO/MainProcess] Task ledgerproof.process_event[cf13e109-3af4-402a-ab70-c42935f9ad7e] received
[2026-08-07 12:06:37,796: INFO/MainProcess] Task ledgerproof.process_event[cf13e109-3af4-402a-ab70-c42935f9ad7e] succeeded in 0.0779999999795109s: 'posted'
[2026-08-07 12:06:38,863: INFO/MainProcess] Task ledgerproof.process_event[23c03d60-3e06-4b7d-a42b-9e8c1814785f] received
[2026-08-07 12:06:38,946: INFO/MainProcess] Task ledgerproof.process_event[23c03d60-3e06-4b7d-a42b-9e8c1814785f] succeeded in 0.09400000001187436s: 'posted'
[2026-08-07 12:06:40,090: INFO/MainProcess] Task ledgerproof.process_event[25e78a12-4687-4225-8b17-8f5ab3c51dcf] received
[2026-08-07 12:06:40,211: INFO/MainProcess] Task ledgerproof.process_event[25e78a12-4687-4225-8b17-8f5ab3c51dcf] succeeded in 0.10999999998603016s: 'posted'
