 
 -------------- chaos8104@Anthony_Ahn v5.6.3 (recovery)
--- ***** ----- 
-- ******* ---- Windows-11-10.0.26200-SP0 2026-08-05 00:44:58
- *** --- * --- 
- ** ---------- [config]
- ** ---------- .> app:         ledgerproof:0x1d0d88db380
- ** ---------- .> transport:   redis://localhost:6379/1
- ** ---------- .> results:     disabled://
- *** --- * --- .> concurrency: 20 (solo)
-- ******* ---- .> task events: OFF (enable -E to monitor tasks in this worker)
--- ***** ----- 
 -------------- [queues]
                .> celery           exchange=celery(direct) key=celery
                

[tasks]
  . ledgerproof.process_event

[2026-08-05 00:44:58,385: INFO/MainProcess] Connected to redis://localhost:6379/1
[2026-08-05 00:44:58,417: INFO/MainProcess] mingle: searching for neighbors
[2026-08-05 00:44:59,453: INFO/MainProcess] mingle: all alone
[2026-08-05 00:44:59,509: INFO/MainProcess] chaos8104@Anthony_Ahn ready.
 
 -------------- chaos8104@Anthony_Ahn v5.6.3 (recovery)
--- ***** ----- 
-- ******* ---- Windows-11-10.0.26200-SP0 2026-08-05 00:45:01
- *** --- * --- 
- ** ---------- [config]
- ** ---------- .> app:         ledgerproof:0x199e76fb350
- ** ---------- .> transport:   redis://localhost:6379/1
- ** ---------- .> results:     disabled://
- *** --- * --- .> concurrency: 20 (solo)
-- ******* ---- .> task events: OFF (enable -E to monitor tasks in this worker)
--- ***** ----- 
 -------------- [queues]
                .> celery           exchange=celery(direct) key=celery
                

[tasks]
  . ledgerproof.process_event

[2026-08-05 00:45:01,123: INFO/MainProcess] Connected to redis://localhost:6379/1
[2026-08-05 00:45:01,138: INFO/MainProcess] mingle: searching for neighbors
[2026-08-05 00:45:02,182: INFO/MainProcess] mingle: all alone
[2026-08-05 00:45:02,237: INFO/MainProcess] chaos8104@Anthony_Ahn ready.
 
 -------------- chaos8104@Anthony_Ahn v5.6.3 (recovery)
--- ***** ----- 
-- ******* ---- Windows-11-10.0.26200-SP0 2026-08-05 00:45:03
- *** --- * --- 
- ** ---------- [config]
- ** ---------- .> app:         ledgerproof:0x15495d9b290
- ** ---------- .> transport:   redis://localhost:6379/1
- ** ---------- .> results:     disabled://
- *** --- * --- .> concurrency: 20 (solo)
-- ******* ---- .> task events: OFF (enable -E to monitor tasks in this worker)
--- ***** ----- 
 -------------- [queues]
                .> celery           exchange=celery(direct) key=celery
                

[tasks]
  . ledgerproof.process_event

[2026-08-05 00:45:03,569: INFO/MainProcess] Connected to redis://localhost:6379/1
[2026-08-05 00:45:03,575: INFO/MainProcess] mingle: searching for neighbors
[2026-08-05 00:45:04,606: INFO/MainProcess] mingle: all alone
[2026-08-05 00:45:04,646: INFO/MainProcess] chaos8104@Anthony_Ahn ready.
 
 -------------- chaos8104@Anthony_Ahn v5.6.3 (recovery)
--- ***** ----- 
-- ******* ---- Windows-11-10.0.26200-SP0 2026-08-05 00:45:06
- *** --- * --- 
- ** ---------- [config]
- ** ---------- .> app:         ledgerproof:0x170c825b530
- ** ---------- .> transport:   redis://localhost:6379/1
- ** ---------- .> results:     disabled://
- *** --- * --- .> concurrency: 20 (solo)
-- ******* ---- .> task events: OFF (enable -E to monitor tasks in this worker)
--- ***** ----- 
 -------------- [queues]
                .> celery           exchange=celery(direct) key=celery
                

[tasks]
  . ledgerproof.process_event

[2026-08-05 00:45:06,210: INFO/MainProcess] Connected to redis://localhost:6379/1
[2026-08-05 00:45:06,224: INFO/MainProcess] mingle: searching for neighbors
[2026-08-05 00:45:07,254: INFO/MainProcess] mingle: all alone
[2026-08-05 00:45:07,298: INFO/MainProcess] chaos8104@Anthony_Ahn ready.
